Torch version 2.14.0 has not been tested with coremltools. You may run into unexpected errors. Torch 2.7.0 is the most recent version that has been tested.
step 0 loss 5.545 valid bits/byte 7.518 (1s)
step 250 loss 2.012 valid bits/byte 2.906 (117s)
step 500 loss 1.890 valid bits/byte 2.724 (243s)
step 750 loss 1.828 valid bits/byte 2.648 (363s)
step 1000 loss 1.789 valid bits/byte 2.596 (480s)
step 1250 loss 1.758 valid bits/byte 2.533 (598s)
step 1500 loss 1.735 valid bits/byte 2.503 (716s)
step 1750 loss 1.696 valid bits/byte 2.479 (838s)
step 2000 loss 1.683 valid bits/byte 2.432 (970s)
step 2250 loss 1.673 valid bits/byte 2.424 (1105s)
step 2500 loss 1.647 valid bits/byte 2.388 (1244s)
step 2750 loss 1.640 valid bits/byte 2.376 (1376s)
step 3000 loss 1.626 valid bits/byte 2.361 (1507s)
step 3250 loss 1.609 valid bits/byte 2.331 (1639s)
step 3500 loss 1.602 valid bits/byte 2.312 (1772s)
step 3750 loss 1.601 valid bits/byte 2.297 (1908s)
step 4000 loss 1.581 valid bits/byte 2.292 (2041s)
step 4250 loss 1.575 valid bits/byte 2.285 (2180s)
step 4500 loss 1.558 valid bits/byte 2.259 (2312s)
step 4750 loss 1.560 valid bits/byte 2.256 (2447s)
step 5000 loss 1.552 valid bits/byte 2.256 (2581s)
step 5250 loss 1.546 valid bits/byte 2.251 (2715s)
step 5500 loss 1.535 valid bits/byte 2.235 (2853s)
step 5750 loss 1.533 valid bits/byte 2.241 (2997s)
step 5999 loss 1.539 valid bits/byte 2.235 (3137s)
/Users/nagash/Github/KaitoAccelLab/.venv/lib/python3.12/site-packages/torch/jit/_trace.py:1006: FutureWarning: `torch.jit.trace` is deprecated. Please switch to `torch.compile` or `torch.export`.
  warnings.warn(
/Users/nagash/Github/KaitoAccelLab/.venv/lib/python3.12/site-packages/torch/jit/_trace.py:1145: FutureWarning: `torch.jit.trace_method` is deprecated. Please switch to `torch.compile` or `torch.export`.
  warnings.warn(
Tuple detected at graph output. This will be flattened in the converted model.
Converting PyTorch Frontend ==> MIL Ops:   0%|          | 0/28 [00:00<?, ? ops/s]Converting PyTorch Frontend ==> MIL Ops:  93%|█████████▎| 26/28 [00:00<00:00, 5620.36 ops/s]
Running MIL frontend_pytorch pipeline:   0%|          | 0/5 [00:00<?, ? passes/s]Running MIL frontend_pytorch pipeline: 100%|██████████| 5/5 [00:00<00:00, 1145.17 passes/s]
Running MIL default pipeline:   0%|          | 0/95 [00:00<?, ? passes/s]Running MIL default pipeline:  62%|██████▏   | 59/95 [00:00<00:00, 455.84 passes/s]Running MIL default pipeline: 100%|██████████| 95/95 [00:00<00:00, 611.96 passes/s]
Running MIL backend_mlprogram pipeline:   0%|          | 0/12 [00:00<?, ? passes/s]Running MIL backend_mlprogram pipeline: 100%|██████████| 12/12 [00:00<00:00, 6669.98 passes/s]
saved Models/gru-words-h1536-b1024.mlpackage
/Users/nagash/Github/KaitoAccelLab/.venv/lib/python3.12/site-packages/torch/jit/_trace.py:1006: FutureWarning: `torch.jit.trace` is deprecated. Please switch to `torch.compile` or `torch.export`.
  warnings.warn(
/Users/nagash/Github/KaitoAccelLab/.venv/lib/python3.12/site-packages/torch/jit/_trace.py:1145: FutureWarning: `torch.jit.trace_method` is deprecated. Please switch to `torch.compile` or `torch.export`.
  warnings.warn(
Tuple detected at graph output. This will be flattened in the converted model.
Converting PyTorch Frontend ==> MIL Ops:   0%|          | 0/28 [00:00<?, ? ops/s]Converting PyTorch Frontend ==> MIL Ops:  93%|█████████▎| 26/28 [00:00<00:00, 13299.01 ops/s]
Running MIL frontend_pytorch pipeline:   0%|          | 0/5 [00:00<?, ? passes/s]Running MIL frontend_pytorch pipeline: 100%|██████████| 5/5 [00:00<00:00, 6559.75 passes/s]
Running MIL default pipeline:   0%|          | 0/95 [00:00<?, ? passes/s]Running MIL default pipeline:  62%|██████▏   | 59/95 [00:00<00:00, 481.13 passes/s]Running MIL default pipeline: 100%|██████████| 95/95 [00:00<00:00, 642.05 passes/s]
Running MIL backend_mlprogram pipeline:   0%|          | 0/12 [00:00<?, ? passes/s]Running MIL backend_mlprogram pipeline: 100%|██████████| 12/12 [00:00<00:00, 7155.48 passes/s]
saved Models/gru-words-h1536-b4096.mlpackage
